12:21:55 - Closed: f:\spl-2\prisma\schema.prisma.git
12:22:10 - Opened: f:\spl-2\server\server.js
12:22:12 - Opened: f:\spl-2\server\server.js.git
12:22:13 - Closed: f:\spl-2\server\server.js.git
12:23:47 - Closed: f:\spl-2\package.json
12:23:48 - Closed: f:\spl-2\.next\types\package.json
12:23:48 - Closed: f:\spl-2\.next\package.json
12:26:13 - Opened: f:\spl-2\server\server.js.git
12:26:37 - Opened: f:\spl-2\server\routes\bidRoutes.js
12:26:37 - Closed: f:\spl-2\server\server.js.git
12:26:38 - Opened: f:\spl-2\server\routes\bidRoutes.js.git
12:27:13 - Opened: f:\spl-2\server\controllers\bidController.js
12:27:14 - Closed: f:\spl-2\server\routes\bidRoutes.js.git
12:27:14 - Opened: f:\spl-2\server\controllers\bidController.js.git
12:27:38 - Closed: f:\spl-2\server\controllers\bidController.js.git
12:27:42 - Opened: f:\spl-2\server\server.js.git
12:27:45 - Closed: f:\spl-2\server\server.js.git
12:27:45 - Opened: f:\spl-2\server\routes\bidRoutes.js.git
12:27:50 - Closed: f:\spl-2\server\routes\bidRoutes.js.git
12:28:01 - Opened: f:\spl-2\server\routes\bidRoutes.js.git
12:28:02 - Closed: f:\spl-2\server\routes\bidRoutes.js.git
12:28:03 - Opened: f:\spl-2\server\controllers\bidController.js.git
12:28:15 - Opened: f:\spl-2\server\services\bidService.js
12:28:15 - Closed: f:\spl-2\server\controllers\bidController.js.git
12:28:15 - Opened: f:\spl-2\server\services\bidService.js.git
12:28:23 - Modified: Workspace event
12:28:23 - Modified: Workspace event
12:28:25 - Modified: Workspace event
12:28:25 - Modified: Workspace event
12:28:26 - Modified: Workspace event
12:28:26 - Modified: Workspace event
12:28:27 - Modified: Workspace event
12:28:28 - Modified: Workspace event
12:28:29 - Modified: Workspace event
12:28:31 - Modified: Workspace event
12:28:31 - Modified: Workspace event
12:28:32 - Modified: Workspace event
12:28:32 - Modified: Workspace event
12:28:34 - Modified: Workspace event
12:28:34 - Modified: Workspace event
12:28:34 - Saved: f:\spl-2\server\services\bidService.js
12:28:35 - Closed: f:\spl-2\server\services\bidService.js.git
12:35:50 - Opened: f:\spl-2\server\routes\bidRoutes.js.git
12:35:53 - Closed: f:\spl-2\server\routes\bidRoutes.js.git
12:35:54 - Opened: f:\spl-2\server\controllers\bidController.js.git
12:35:56 - Closed: f:\spl-2\server\controllers\bidController.js.git
12:35:56 - Opened: f:\spl-2\server\services\bidService.js.git
12:36:00 - Modified: Workspace event
12:36:00 - Modified: Workspace event
12:36:02 - Modified: Workspace event
12:36:02 - Modified: Workspace event
12:36:02 - Modified: Workspace event
12:36:05 - Modified: Workspace event
12:36:05 - Modified: Workspace event
12:36:10 - Modified: Workspace event
12:36:10 - Modified: Workspace event
12:36:10 - Saved: f:\spl-2\server\services\bidService.js
12:36:12 - Closed: f:\spl-2\server\services\bidService.js.git
12:36:25 - Opened: f:\spl-2\server\services\bidService.js.git
12:36:39 - Modified: Workspace event
12:36:39 - Saved: f:\spl-2\server\services\bidService.js
12:36:40 - Closed: f:\spl-2\server\services\bidService.js.git
12:38:23 - Opened: f:\spl-2\server\services\bidService.js.git
12:38:39 - Closed: f:\spl-2\server\services\bidService.js.git
12:38:39 - Opened: f:\spl-2\server\controllers\bidController.js.git
12:38:51 - Closed: f:\spl-2\server\controllers\bidController.js.git
12:38:51 - Opened: f:\spl-2\server\services\bidService.js.git
12:38:54 - Modified: Workspace event
12:38:54 - Modified: Workspace event
12:38:55 - Modified: Workspace event
12:38:55 - Modified: Workspace event
12:38:55 - Modified: Workspace event
12:38:56 - Modified: Workspace event
12:38:57 - Modified: Workspace event
12:38:58 - Modified: Workspace event
12:38:58 - Modified: Workspace event
12:38:58 - Saved: f:\spl-2\server\services\bidService.js
12:39:00 - Closed: f:\spl-2\server\services\bidService.js.git
12:39:54 - Opened: f:\spl-2\server\server.js.git
12:39:56 - Closed: f:\spl-2\server\server.js.git
12:39:57 - Opened: f:\spl-2\server\routes\bidRoutes.js.git
12:40:08 - Closed: f:\spl-2\server\routes\bidRoutes.js.git
12:40:08 - Opened: f:\spl-2\server\controllers\bidController.js.git
12:40:11 - Closed: f:\spl-2\server\controllers\bidController.js.git
12:44:08 - Opened: f:\spl-2\server\services\bidService.js.git
12:45:52 - Opened: f:\spl-2\server\services\postService.js
12:45:52 - Closed: f:\spl-2\server\services\bidService.js.git
12:45:52 - Opened: f:\spl-2\server\services\postService.js.git
12:46:07 - Opened: f:\spl-2\server\controllers\postController.js
12:46:07 - Closed: f:\spl-2\server\services\postService.js.git
12:46:07 - Opened: f:\spl-2\server\controllers\postController.js.git
12:46:13 - Closed: f:\spl-2\server\controllers\postController.js
12:46:13 - Closed: f:\spl-2\server\controllers\postController.js.git
12:46:14 - Opened: f:\spl-2\server\services\postService.js.git
12:46:15 - Closed: f:\spl-2\server\services\postService.js
12:46:15 - Closed: f:\spl-2\server\services\postService.js.git
12:46:15 - Opened: f:\spl-2\server\services\bidService.js.git
