18:15:24 - Created: Workspace event
18:15:28 - Opened: g:\University\LAB-3-1\DBMS\decision tree\iris.csv
18:15:28 - Closed: g:\University\LAB-3-1\DBMS\KD Tree\kd_tree.py.git
18:15:29 - Opened: g:\University\LAB-3-1\DBMS\decision tree\iris.csv.git
18:15:32 - Opened: g:\University\LAB-3-1\DBMS\K Means\iris.csv
18:15:32 - Created: Workspace event
18:15:32 - Closed: g:\University\LAB-3-1\DBMS\decision tree\iris.csv.git
18:15:32 - Opened: g:\University\LAB-3-1\DBMS\K Means\iris.csv.git
18:15:35 - Closed: g:\University\LAB-3-1\DBMS\K Means\iris.csv
18:15:35 - Closed: g:\University\LAB-3-1\DBMS\K Means\iris.csv.git
18:15:35 - Opened: g:\University\LAB-3-1\DBMS\decision tree\iris.csv.git
18:15:36 - Closed: g:\University\LAB-3-1\DBMS\decision tree\iris.csv
18:15:36 - Closed: g:\University\LAB-3-1\DBMS\decision tree\iris.csv.git
18:15:36 - Opened: g:\University\LAB-3-1\DBMS\KD Tree\kd_tree.py.git
18:15:39 - Closed: g:\University\LAB-3-1\DBMS\KD Tree\kd_tree.py
18:15:39 - Closed: g:\University\LAB-3-1\DBMS\KD Tree\kd_tree.py.git
18:15:51 - Created: Workspace event
18:15:51 - Opened: g:\University\LAB-3-1\DBMS\K Means\kmeans.py
18:15:52 - Opened: g:\University\LAB-3-1\DBMS\K Means\kmeans.py.git
18:16:05 - Modified: Workspace event
18:16:05 - Modified: Workspace event
18:16:07 - Modified: Workspace event
18:16:07 - Modified: Workspace event
18:16:07 - Saved: g:\University\LAB-3-1\DBMS\K Means\kmeans.py
18:19:10 - Modified: Workspace event
18:19:10 - Modified: Workspace event
18:19:11 - Modified: Workspace event
18:19:11 - Modified: Workspace event
18:19:11 - Saved: g:\University\LAB-3-1\DBMS\K Means\kmeans.py
18:19:22 - Modified: Workspace event
18:19:22 - Modified: Workspace event
18:19:23 - Modified: Workspace event
18:19:23 - Modified: Workspace event
18:19:23 - Saved: g:\University\LAB-3-1\DBMS\K Means\kmeans.py
18:31:55 - Modified: Workspace event
18:31:55 - Modified: Workspace event
18:31:57 - Modified: Workspace event
18:31:59 - Modified: Workspace event
18:32:02 - Modified: Workspace event
18:32:04 - Modified: Workspace event
18:32:34 - Modified: Workspace event
18:32:47 - Modified: Workspace event
18:32:51 - Modified: Workspace event
18:32:58 - Modified: Workspace event
18:34:50 - Modified: Workspace event
18:34:50 - Modified: Workspace event
18:34:50 - Saved: g:\University\LAB-3-1\DBMS\K Means\kmeans.py
18:37:21 - Created: Workspace event
18:37:27 - Opened: g:\University\LAB-3-1\DBMS\K Means\iris.csv
18:37:27 - Closed: g:\University\LAB-3-1\DBMS\K Means\kmeans.py.git
18:37:27 - Opened: g:\University\LAB-3-1\DBMS\K Means\iris.csv.git
18:37:31 - Opened: g:\University\LAB-3-1\DBMS\NaiveBayes\iris.csv
18:37:31 - Created: Workspace event
18:37:31 - Closed: g:\University\LAB-3-1\DBMS\K Means\iris.csv.git
18:37:31 - Opened: g:\University\LAB-3-1\DBMS\NaiveBayes\iris.csv.git
18:37:46 - Created: Workspace event
18:37:46 - Opened: g:\University\LAB-3-1\DBMS\NaiveBayes\naiveBayes.py
18:37:47 - Closed: g:\University\LAB-3-1\DBMS\NaiveBayes\iris.csv.git
18:37:47 - Opened: g:\University\LAB-3-1\DBMS\NaiveBayes\naiveBayes.py.git
18:37:48 - Closed: g:\University\LAB-3-1\DBMS\NaiveBayes\iris.csv
18:37:50 - Closed: g:\University\LAB-3-1\DBMS\K Means\iris.csv
18:37:51 - Closed: g:\University\LAB-3-1\DBMS\K Means\kmeans.py
18:37:59 - Modified: Workspace event
18:37:59 - Modified: Workspace event
18:38:01 - Modified: Workspace event
18:38:01 - Modified: Workspace event
18:38:01 - Saved: g:\University\LAB-3-1\DBMS\NaiveBayes\naiveBayes.py
18:38:39 - Modified: Workspace event
18:38:39 - Modified: Workspace event
18:38:40 - Modified: Workspace event
18:38:40 - Modified: Workspace event
18:38:40 - Modified: Workspace event
18:38:40 - Modified: Workspace event
18:38:40 - Modified: Workspace event
18:38:40 - Modified: Workspace event
18:38:41 - Modified: Workspace event
18:38:41 - Modified: Workspace event
18:38:41 - Modified: Workspace event
18:38:42 - Modified: Workspace event
18:38:42 - Modified: Workspace event
18:38:44 - Modified: Workspace event
18:38:44 - Modified: Workspace event
18:38:44 - Saved: g:\University\LAB-3-1\DBMS\NaiveBayes\naiveBayes.py
18:59:39 - Modified: Workspace event
18:59:39 - Modified: Workspace event
18:59:41 - Modified: Workspace event
18:59:46 - Modified: Workspace event
18:59:48 - Modified: Workspace event
18:59:48 - Modified: Workspace event
18:59:48 - Saved: g:\University\LAB-3-1\DBMS\NaiveBayes\naiveBayes.py
19:00:10 - Modified: Workspace event
19:00:10 - Modified: Workspace event
19:00:11 - Modified: Workspace event
19:00:15 - Modified: Workspace event
19:00:15 - Modified: Workspace event
19:00:15 - Saved: g:\University\LAB-3-1\DBMS\NaiveBayes\naiveBayes.py
19:08:40 - Modified: Workspace event
19:08:40 - Modified: Workspace event
19:08:47 - Modified: Workspace event
19:08:50 - Modified: Workspace event
19:08:50 - Modified: Workspace event
19:08:50 - Saved: g:\University\LAB-3-1\DBMS\NaiveBayes\naiveBayes.py
19:08:57 - Modified: Workspace event
19:08:57 - Modified: Workspace event
19:08:59 - Modified: Workspace event
19:09:01 - Modified: Workspace event
19:09:01 - Modified: Workspace event
19:09:02 - Modified: Workspace event
19:09:03 - Modified: Workspace event
19:09:05 - Modified: Workspace event
19:09:05 - Modified: Workspace event
19:09:05 - Modified: Workspace event
19:09:06 - Modified: Workspace event
19:09:07 - Modified: Workspace event
19:09:07 - Modified: Workspace event
19:09:07 - Modified: Workspace event
19:09:07 - Modified: Workspace event
19:09:08 - Modified: Workspace event
19:09:08 - Modified: Workspace event
19:09:08 - Modified: Workspace event
19:09:08 - Modified: Workspace event
19:09:09 - Modified: Workspace event
19:09:09 - Modified: Workspace event
19:09:09 - Modified: Workspace event
19:09:10 - Modified: Workspace event
19:09:10 - Modified: Workspace event
19:09:10 - Modified: Workspace event
19:09:12 - Modified: Workspace event
19:09:13 - Modified: Workspace event
19:09:13 - Modified: Workspace event
19:09:13 - Saved: g:\University\LAB-3-1\DBMS\NaiveBayes\naiveBayes.py
